<body><h3 id="h3-1">
    Преимущества коврового покрытия бежевого цвета
</h3>
<ul>
    <li>
        Нейтральность: беж является нейтральным оттенком, который легко сочетается с другими цветами
        и оттенками. Он создает спокойную и гармоничную атмосферу в помещении.
    </li>
    <li>
        Универсальность: бежевый цвет подходит для любого стиля интерьера, будь то классический, современный или
        минималистический. Он не выделяется и не перегружает пространство.
    </li>
    <li>
        Помещение кажется более просторным. Бежевый цвет визуально расширяет пространство и делает его светлее. Это
        особенно полезно для небольших помещений или комнат с низкими потолками.
    </li>
    <li>
        Успокаивающий эффект: бежевый цвет ассоциируется с природными оттенками, такими как песок или мрамор.
        Он создает ощущение уюта, спокойствия и комфорта.
    </li>
    <li>
        Легкость в сочетании с другими цветами. Бежевый цвет хорошо сочетается с различными оттенками,
        позволяя создавать интересные и гармоничные цветовые комбинации. Он может быть использован как
        основной цвет или как фон для ярких акцентов.
    </li>
</ul>
<h3 id="h3-2">
    Недостатки бежа
</h3>
<ul>
    <li>
        Отсутствие яркости: бежевый цвет может считаться слишком скучным или незаметным для некоторых людей.
        Он не обладает яркими оттенками или насыщенностью, что может вызывать ощущение монотонности или
        отсутствия интереса.
    </li>
    <li>
        Потенциальная склонность к грязи и пятнам: беж может быть более подвержен показывать грязь
        и пятна, особенно на текстильных поверхностях, таких как ковры и ковровые покрытия. Это может
        потребовать более частой чистки и ухода.
    </li>
    <li>
        Визуальное слияние с другими нейтральными цветами: если в помещении преобладают другие нейтральные
        цвета, такие как белый или серый, бежевый может сливаться с ними и создавать мало контраста или
        визуального интереса.
    </li>
</ul>
<h3 id="h3-3">
    Для какого интерьера подойдет бежевое ковровое покрытие?
</h3>
<ul>
    <li>
        Для интерьера, сочетающего насыщенные оттенки нейтральных цветов. Беж отлично смотрится в окружении
        насыщенных оттенков других нейтральных цветов, таких как графитовый, шоколадный или антрацитовый. Эти оттенки
        сохранят нейтральность, но добавят больше глубины и характера в интерьер.
    </li>
    <li>
        В комбинации с яркими цветами. Бежевый цвет хорошо сочетается с яркими цветами, такими как
        коралловый, салатовый или фуксия. Это позволит создать контраст и добавить яркости без потери
        нейтральности.
    </li>
    <li>
        В окружении материалов с другой фактурой. Например, ковровое покрытие в сочетании
        с текстильными элементам из шерсти, льна или велюра.
    </li>
</ul>
<h3 id="h3-4">
    Эксперименты с оттенками
</h3>
<p>
    Бежевый ковролин часто имеет небольшую долю другого цвета. Например, бежевый с небольшой долей розового или
    зеленого. Правильны выбор тона может придать интерьеру больше интереса и оригинальности.
</p>
<p>
    Иногда сложно сказать, как раскроется оттенок выбранного материала при дневном свете, при искусственном свете
    в вечернее время, в окружении предметов интерьера другого цвета. Именно поэтому мы рекомендуем
    вызвать дизайнера-технолога с образцами ковровых покрытий к вам домой. Дизайнер проведет замер помещения
    и продемонстрирует образцы материалов.
</p></body>